// Jest Snapshot v1, https://goo.gl/fbAQLP

exports[`localResDownload fail #fails 1`] = `"Request failed with status code 404"`;

exports[`rawPageDownload fail #fails 1`] = `"Request failed with status code 404"`;
